2026-10-10 16:08:21 | PIPELINE START
2026-10-10 16:08:21 | START: STEP 1: DATABASE INTEGRATION (run_all_pipeline.py)

🧬 Germline → Somatic filtering (Location-based)

📂 Germline files: ['4A0030_Germline_Results.xlsx']
📂 Somatic files: ['4A0030_Somatic_Results.xlsx']

🔍 Sample: 4A0030
📊 Before: 428 | After: 372 | Removed: 56

✅ Pre-filter completed


🧬 Germline → Somatic filtering (Location-based)

📂 Germline files: ['4A0030_Germline_Results.xlsx']
📂 Somatic files: ['4A0030_Somatic_Results.xlsx']

🔍 Sample: 4A0030
📊 Before: 428 | After: 372 | Removed: 56

✅ Pre-filter completed

Reading liftover chains
Mapping coordinates
/home/ngs/Desktop/SKY/Website/backend/Report Automation/Database_integrations_With_Filter V1/SOMATIC/Modules/cancer_hotspot.py:24: DtypeWarning: Columns (4,16,41,42,84,85,87,88,98,148) have mixed types. Specify dtype option on import or set low_memory=False.
  hotspot_df = pd.read_csv(hotspot_path)

==============================
   SOMATIC MASTER STARTED     
==============================

▶ Processing sample: 4A0030_Somatic_Results.xlsx
   ▶ Running ClinGen
   ▶ Running IntOGen
   ▶ Running OncoKB
   ▶ Running TCGA
   ▶ Running Cancer_Hotspot
   ▶ Running CIVIC
✅ Output written: /home/ngs/Desktop/SKY/Website/backend/Report Automation/Database_integrations_With_Filter V1/Output/somatic/4A0030/4A0030_Somatic_Results_Integrated.xlsx

==============================
   🎉 ALL SAMPLES COMPLETED   
==============================


==============================
   SOMAMUT FILTER STARTED     
==============================

✔ Somatic genes loaded: 1331
✔ Disease gene sets loaded: 5

✔ Sample file detected: /home/ngs/Desktop/SKY/Website/backend/Report Automation/Database_integrations_With_Filter V1/Output/somatic/4A0030/4A0030_Somatic_Results_Integrated.xlsx
✔ Sheets found: ['Variations', 'ClinGen', 'IntOGen', 'OncoKB', 'TCGA', 'Cancer_Hotspot', 'Civic_accepted_and_submitted', 'Civic_Amplification', 'Civic_SNP', 'Run_Summary']
✔ Reference CSV files found: 38
⏳ Indexing reference variants...
Processing reference CSVs:   0%|          | 0/38 [00:00<?, ?it/s]Processing reference CSVs:   8%|▊         | 3/38 [00:00<00:02, 12.71it/s]Processing reference CSVs:  21%|██        | 8/38 [00:00<00:01, 24.92it/s]Processing reference CSVs:  29%|██▉       | 11/38 [00:00<00:01, 24.38it/s]Processing reference CSVs:  37%|███▋      | 14/38 [00:00<00:01, 15.10it/s]Processing reference CSVs:  42%|████▏     | 16/38 [00:01<00:02, 10.74it/s]Processing reference CSVs:  50%|█████     | 19/38 [00:01<00:01, 13.75it/s]Processing reference CSVs:  55%|█████▌    | 21/38 [00:02<00:03,  4.73it/s]Processing reference CSVs:  61%|██████    | 23/38 [00:02<00:02,  5.58it/s]Processing reference CSVs:  66%|██████▌   | 25/38 [00:02<00:01,  6.64it/s]Processing reference CSVs:  71%|███████   | 27/38 [00:02<00:01,  7.88it/s]Processing reference CSVs:  82%|████████▏ | 31/38 [00:03<00:00,  7.05it/s]Processing reference CSVs:  95%|█████████▍| 36/38 [00:03<00:00, 11.35it/s]Processing reference CSVs: 100%|██████████| 38/38 [00:04<00:00,  7.74it/s]
✔ Total reference variants indexed: 3989158

🔍 Processing sheet: Variations
✔ Variations | Before: 372 | After: 366

🔍 Processing sheet: ClinGen

🔍 Processing sheet: IntOGen
✔ IntOGen | Before: 4 | After: 4

🔍 Processing sheet: OncoKB

🔍 Processing sheet: TCGA
✔ TCGA | Before: 7 | After: 7

🔍 Processing sheet: Cancer_Hotspot
✔ Cancer_Hotspot | Before: 6 | After: 6

🔍 Processing sheet: Civic_accepted_and_submitted
✔ Civic_accepted_and_submitted | Before: 0 | After: 0

🔍 Processing sheet: Civic_Amplification
✔ Civic_Amplification | Before: 0 | After: 0

🔍 Processing sheet: Civic_SNP
✔ Civic_SNP | Before: 0 | After: 0

🔍 Processing sheet: Run_Summary

📝 Updating Run_Summary
📊 Total Before   : 17
📊 Total After    : 17
📊 Total Excluded : 0

🎉 DONE: /home/ngs/Desktop/SKY/Website/backend/Report Automation/Database_integrations_With_Filter V1/Output/somatic/4A0030/4A0030_Somatic_Results_Integrated_Somamut.xlsx
🎨 Applying somatic highlighting (ALL sheets)...
🎨 Applying disease highlighting ONLY on Variations...
Applying the filters

🔽 STARTING POST-FILTER FUNNEL
   🔻 Filter 1: CADD_phred >= 20
   🔻 Filter 2: VAF<=0.38
   🔻 Filter 3 : AF Filter <= 0.001 (with missing values kept)
⚠️ AF column missing in sheet: ClinGen
⚠️ AF column missing in sheet: OncoKB
✅ ALL FILTERS APPLIED

🔄 Restoring original Variations sheet for sample 4A0030...
✔ Restored original (pre-filter) Variations sheet from: /home/ngs/Desktop/SKY/Website/backend/Report Automation/Database_integrations_With_Filter V1/Input/somatic/4A0030_Somatic_Results.xlsx

==============================
   SOMAMUT COMPLETED          
==============================


==============================
  FULL SOMATIC PIPELINE RUN   
==============================

▶ Step 0: Germline → Somatic Pre-filter


🔍 Checking somatic_clean folder...

📁 Files found: ['4A0030_Somatic_Results.xlsx']

▶ Step 1: All Database Integration


▶ Step 2: Somamut Filtering


==============================
 🎉 SOMATIC PIPELINE COMPLETED 
==============================

2026-10-10 16:11:22,790 - INFO - Loading disease gene sets...
2026-10-10 16:11:22,855 - INFO - Detected disease columns: ['Unique (Somatic) - 1332 genes', 'Hereditary (germline) - 158 genes', 'Cardiac - 565 genes', 'Diabetes_pharmgkb_mito genes - 318 genes', 'NDD - 890 genes', 'Endometriosis - 53 genes', 'Neurodevelopmental - 1733 genes']
2026-10-10 16:11:22,856 - INFO - Unique (Somatic) - 1332 genes -> 1331 genes loaded
2026-10-10 16:11:22,856 - INFO - Hereditary (germline) - 158 genes -> 158 genes loaded
2026-10-10 16:11:22,856 - INFO - Cardiac - 565 genes -> 565 genes loaded
2026-10-10 16:11:22,857 - INFO - Diabetes_pharmgkb_mito genes - 318 genes -> 318 genes loaded
2026-10-10 16:11:22,857 - INFO - NDD - 890 genes -> 889 genes loaded
2026-10-10 16:11:22,857 - INFO - Endometriosis - 53 genes -> 56 genes loaded
2026-10-10 16:11:22,857 - INFO - Neurodevelopmental - 1733 genes -> 1733 genes loaded
✔ ClinGen loaded: 9745 rows
✔ Disease gene sets loaded: 7
Processing files:   0%|          | 0/1 [00:00<?, ?it/s]2026-10-10 16:14:06,808 - INFO - Reverse mapping built for 3737 genes
2026-10-10 16:14:06,808 - INFO - Source sheets found: ['CS_Pathogenic', 'uncertain_significance', 'Others']
2026-10-10 16:14:06,808 - INFO - Processing disease: Unique (Somatic) - 1332 genes
2026-10-10 16:14:06,811 - INFO - CS_Pathogenic -> 1 rows matched
2026-10-10 16:14:06,820 - INFO - uncertain_significance -> 27 rows matched
2026-10-10 16:14:10,271 - INFO - Others -> 5176 rows matched
2026-10-10 16:14:11,692 - INFO - Written sheet: Unique_(Somatic)_1332_genes
2026-10-10 16:14:13,309 - INFO - Processing disease: Hereditary (germline) - 158 genes
2026-10-10 16:14:13,327 - INFO - CS_Pathogenic -> 1 rows matched
2026-10-10 16:14:13,336 - INFO - uncertain_significance -> 10 rows matched
2026-10-10 16:14:16,836 - INFO - Others -> 258 rows matched
2026-10-10 16:14:16,915 - INFO - Written sheet: Hereditary_(germline)_158_genes
2026-10-10 16:14:16,993 - INFO - Processing disease: Cardiac - 565 genes
2026-10-10 16:14:17,019 - INFO - uncertain_significance -> 20 rows matched
2026-10-10 16:14:20,457 - INFO - Others -> 915 rows matched
2026-10-10 16:14:20,715 - INFO - Written sheet: Cardiac_565_genes
2026-10-10 16:14:20,994 - INFO - Processing disease: Diabetes_pharmgkb_mito genes - 318 genes
2026-10-10 16:14:21,012 - INFO - CS_Pathogenic -> 1 rows matched
2026-10-10 16:14:21,022 - INFO - uncertain_significance -> 6 rows matched
2026-10-10 16:14:24,466 - INFO - Others -> 1205 rows matched
2026-10-10 16:14:24,795 - INFO - Written sheet: Diabetes_pharmgkb_mito_genes_31
2026-10-10 16:14:25,154 - INFO - Processing disease: NDD - 890 genes
2026-10-10 16:14:25,173 - INFO - CS_Pathogenic -> 1 rows matched
2026-10-10 16:14:25,182 - INFO - uncertain_significance -> 27 rows matched
2026-10-10 16:14:28,653 - INFO - Others -> 1349 rows matched
2026-10-10 16:14:29,027 - INFO - Written sheet: NDD_890_genes
2026-10-10 16:14:29,441 - INFO - Processing disease: Endometriosis - 53 genes
2026-10-10 16:14:29,469 - INFO - uncertain_significance -> 4 rows matched
2026-10-10 16:14:32,912 - INFO - Others -> 343 rows matched
2026-10-10 16:14:33,012 - INFO - Written sheet: Endometriosis_53_genes
2026-10-10 16:14:33,113 - INFO - Processing disease: Neurodevelopmental - 1733 genes
2026-10-10 16:14:33,131 - INFO - CS_Pathogenic -> 1 rows matched
2026-10-10 16:14:33,141 - INFO - uncertain_significance -> 37 rows matched
2026-10-10 16:14:36,619 - INFO - Others -> 5994 rows matched
2026-10-10 16:14:38,260 - INFO - Written sheet: Neurodevelopmental_1733_genes
2026-10-10 16:14:40,093 - INFO - Disease sheet generation completed.
Processing files: 100%|██████████| 1/1 [04:49<00:00, 289.50s/it]Processing files: 100%|██████████| 1/1 [04:49<00:00, 289.50s/it]
✔ ALL FILES PROCESSED

==============================
  GERMLINE PIPELINE RUN       
==============================

==============================
 ✅ GERMLINE COMPLETED        
==============================


📁 Target directory locked: /home/ngs/Desktop/SKY/Website/backend/Report Automation/Database_integrations_With_Filter V1/Output/somatic

📂 Processing: /home/ngs/Desktop/SKY/Website/backend/Report Automation/Database_integrations_With_Filter V1/Output/somatic/4A0030
🗑 Deleting: 4A0030_Somatic_Results_Integrated.xlsx
✅ Moving: 4A0030_Somatic_Results_Integrated_Somamut.xlsx → /home/ngs/Desktop/SKY/Website/backend/Report Automation/Database_integrations_With_Filter V1/Output/somatic/4A0030_Somatic_Results_Integrated_Somamut.xlsx
🧹 Removing empty folder: /home/ngs/Desktop/SKY/Website/backend/Report Automation/Database_integrations_With_Filter V1/Output/somatic/4A0030

🎉 Extraction + Cleanup completed!

===================================
     FULL PIPELINE STARTED          
===================================

🕒 Start Time: 2026-10-10 16:08:21

🔧 Running Germline → Somatic RSID filtering...

📂 Checking cleaned somatic folder: /home/ngs/Desktop/SKY/Website/backend/Report Automation/Database_integrations_With_Filter V1/Input/somatic_clean
▶ Running Somatic Pipeline


▶ Running Germline Pipeline


▶ Cleaning Excel Files from the somatic folders


===================================
 🎉 FULL PIPELINE COMPLETED         
===================================

🕒 End Time: 2026-10-10 16:16:18
⏱ Total Time: 0:07:57.114470

2026-10-10 16:16:18 | END:   STEP 1: DATABASE INTEGRATION (run_all_pipeline.py)  (took 477s)
2026-10-10 16:16:18 | Germline files: 1 | Somatic files: 1
2026-10-10 16:16:18 | START: STEP 2: COPY GERMLINE & SOMATIC
2026-10-10 16:16:18 | END:   STEP 2: COPY GERMLINE & SOMATIC  (took 0s)
2026-10-10 16:16:18 | START: STEP 3: PRS PROCESSING (run_prs.py)
2026-10-10 16:16:18 | No PRS input files found. Skipping PRS processing.
2026-10-10 16:16:18 | END:   STEP 3: PRS PROCESSING (run_prs.py)  (took 0s)
2026-10-10 16:16:18 | START: STEP 4: COPY SNP OUTPUT
2026-10-10 16:16:18 | PRS was skipped. No SNP files copied.
2026-10-10 16:16:18 | END:   STEP 4: COPY SNP OUTPUT  (took 0s)
2026-10-10 16:16:18 | START: STEP 5: REPORT GENERATION (final_report.py)

=======================================================
  TZAR Labs — Unified Variant Report Generator
=======================================================

  Input    : input/somatic  +  input/germline
  Template : new_report_template.docx
  Output   : output

Detected 1 sample(s): 4A0030

───────────────────────────────────────────────────────
  Sample: 4A0030
  Somatic  : 4A0030_Somatic_Results_Integrated_Somamut.xlsx
  Germline : 4A0030_Germline_Results_FINAL.xlsx
  Trait    : not found

  Loading somatic variants...
    [IntOGen] 2 variants
    [TCGA] 4 variants
    [Cancer_Hotspot] 5 variants
    [Civic_accepted_and_submitted] 0 variants
    [Civic_Amplification] 0 variants
    [Civic_SNP] 0 variants
  Total somatic variants: 11
  ✓ Somatic table filled — 11 rows

  Loading germline variants...
    [CS_Pathogenic] 6 variants
    [Hereditary_(germline)_158_genes] 1 CS_Pathogenic rows
    [Cardiac_565_genes] 0 CS_Pathogenic rows
    [Diabetes_pharmgkb_mito_genes_31] 1 CS_Pathogenic rows
    [NDD_890_genes] 1 CS_Pathogenic rows
    [Endometriosis_53_genes] 0 CS_Pathogenic rows
    [Neurodevelopmental_1733_genes] 1 CS_Pathogenic rows
  Total germline variants (after dedup): 10
  ✓ Germline table filled — 10 variants (20 rows)
  [skip] No trait file for this sample

  ✓ Saved → output/4A0030_Report.docx

=======================================================
  Done. Reports saved to: output/
=======================================================

2026-10-10 16:19:20 | END:   STEP 5: REPORT GENERATION (final_report.py)  (took 182s)
2026-10-10 16:19:20 | PIPELINE COMPLETE - Total time: 659s
