2026-07-31 15:58:50 | PIPELINE START
2026-07-31 15:58:50 | START: STEP 1: DATABASE INTEGRATION (run_all_pipeline.py)

🧬 Germline → Somatic filtering (Location-based)

📂 Germline files: ['4A1598_germline_4A1598_Germline_Results.xlsx']
📂 Somatic files: ['4A1598_somatic_4A1598_Somatic_Results.xlsx']

🔍 Sample: 4A1598
📊 Before: 37463 | After: 2447 | Removed: 35016

✅ Pre-filter completed


🧬 Germline → Somatic filtering (Location-based)

📂 Germline files: ['4A1598_germline_4A1598_Germline_Results.xlsx']
📂 Somatic files: ['4A1598_somatic_4A1598_Somatic_Results.xlsx']

🔍 Sample: 4A1598
📊 Before: 37463 | After: 2447 | Removed: 35016

✅ Pre-filter completed

Reading liftover chains
Mapping coordinates
/home/ngs/Desktop/BioLedger/backend/Report Automation/Database_integrations_With_Filter V1/SOMATIC/Modules/cancer_hotspot.py:24: DtypeWarning: Columns (4,16,41,42,84,85,87,88,98,148) have mixed types. Specify dtype option on import or set low_memory=False.
  hotspot_df = pd.read_csv(hotspot_path)

==============================
   SOMATIC MASTER STARTED     
==============================

▶ Processing sample: 4A1598_somatic_4A1598_Somatic_Results.xlsx
   ▶ Running ClinGen
   ▶ Running IntOGen
   ▶ Running OncoKB
   ▶ Running TCGA
   ▶ Running Cancer_Hotspot
   ▶ Running CIVIC
✅ Output written: /home/ngs/Desktop/BioLedger/backend/Report Automation/Database_integrations_With_Filter V1/Output/somatic/4A1598/4A1598_somatic_4A1598_Somatic_Results_Integrated.xlsx

==============================
   🎉 ALL SAMPLES COMPLETED   
==============================


==============================
   SOMAMUT FILTER STARTED     
==============================

✔ Somatic genes loaded: 1331
✔ Disease gene sets loaded: 5

✔ Sample file detected: /home/ngs/Desktop/BioLedger/backend/Report Automation/Database_integrations_With_Filter V1/Output/somatic/4A1598/4A1598_somatic_4A1598_Somatic_Results_Integrated.xlsx
✔ Sheets found: ['Variations', 'ClinGen', 'IntOGen', 'OncoKB', 'TCGA', 'Cancer_Hotspot', 'Civic_accepted_and_submitted', 'Civic_Amplification', 'Civic_SNP', 'Run_Summary']
✔ Reference CSV files found: 38
⏳ Indexing reference variants...
Processing reference CSVs:   0%|          | 0/38 [00:00<?, ?it/s]Processing reference CSVs:   8%|▊         | 3/38 [00:00<00:02, 13.31it/s]Processing reference CSVs:  21%|██        | 8/38 [00:00<00:01, 26.02it/s]Processing reference CSVs:  32%|███▏      | 12/38 [00:00<00:01, 17.30it/s]Processing reference CSVs:  39%|███▉      | 15/38 [00:00<00:01, 16.64it/s]Processing reference CSVs:  45%|████▍     | 17/38 [00:01<00:01, 12.42it/s]Processing reference CSVs:  55%|█████▌    | 21/38 [00:02<00:02,  5.71it/s]Processing reference CSVs:  61%|██████    | 23/38 [00:02<00:02,  6.44it/s]Processing reference CSVs:  66%|██████▌   | 25/38 [00:02<00:01,  7.42it/s]Processing reference CSVs:  71%|███████   | 27/38 [00:02<00:01,  8.53it/s]Processing reference CSVs:  82%|████████▏ | 31/38 [00:03<00:00,  7.57it/s]Processing reference CSVs:  97%|█████████▋| 37/38 [00:03<00:00, 12.84it/s]Processing reference CSVs: 100%|██████████| 38/38 [00:04<00:00,  8.07it/s]
✔ Total reference variants indexed: 3989158

🔍 Processing sheet: Variations
✔ Variations | Before: 2447 | After: 2422

🔍 Processing sheet: ClinGen

🔍 Processing sheet: IntOGen
✔ IntOGen | Before: 23 | After: 20

🔍 Processing sheet: OncoKB

🔍 Processing sheet: TCGA
✔ TCGA | Before: 5 | After: 5

🔍 Processing sheet: Cancer_Hotspot
✔ Cancer_Hotspot | Before: 44 | After: 42

🔍 Processing sheet: Civic_accepted_and_submitted
✔ Civic_accepted_and_submitted | Before: 0 | After: 0

🔍 Processing sheet: Civic_Amplification
✔ Civic_Amplification | Before: 0 | After: 0

🔍 Processing sheet: Civic_SNP
✔ Civic_SNP | Before: 0 | After: 0

🔍 Processing sheet: Run_Summary

📝 Updating Run_Summary
📊 Total Before   : 72
📊 Total After    : 67
📊 Total Excluded : 5

🎉 DONE: /home/ngs/Desktop/BioLedger/backend/Report Automation/Database_integrations_With_Filter V1/Output/somatic/4A1598/4A1598_somatic_4A1598_Somatic_Results_Integrated_Somamut.xlsx
🎨 Applying somatic highlighting (ALL sheets)...
🎨 Applying disease highlighting ONLY on Variations...
Applying the filters

🔽 STARTING POST-FILTER FUNNEL
   🔻 Filter 1: CADD_PHRED > 20
   🔻 Filter 2: Tumor_AF<=0.38
   🔻 Filter 3 : AF Filter <= 0.001 (with missing values kept)
⚠️ AF column missing in sheet: ClinGen
⚠️ AF column missing in sheet: OncoKB
⚠️ AF column missing in sheet: Cancer_Hotspot
✅ ALL FILTERS APPLIED

🔄 Restoring original Variations sheet for sample 4A1598...
✔ Restored original (pre-filter) Variations sheet from: /home/ngs/Desktop/BioLedger/backend/Report Automation/Database_integrations_With_Filter V1/Input/somatic/4A1598_somatic_4A1598_Somatic_Results.xlsx

==============================
   SOMAMUT COMPLETED          
==============================


==============================
  FULL SOMATIC PIPELINE RUN   
==============================

▶ Step 0: Germline → Somatic Pre-filter


🔍 Checking somatic_clean folder...

📁 Files found: ['4A1598_somatic_4A1598_Somatic_Results.xlsx']

▶ Step 1: All Database Integration


▶ Step 2: Somamut Filtering


==============================
 🎉 SOMATIC PIPELINE COMPLETED 
==============================

2026-07-31 16:03:39,109 - INFO - Loading disease gene sets...
2026-07-31 16:03:39,165 - INFO - Detected disease columns: ['Unique (Somatic) - 1332 genes', 'Hereditary (germline) - 158 genes', 'Cardiac - 565 genes', 'Diabetes_pharmgkb_mito genes - 318 genes', 'NDD - 890 genes', 'Endometriosis - 53 genes', 'Neurodevelopmental - 1733 genes']
2026-07-31 16:03:39,166 - INFO - Unique (Somatic) - 1332 genes -> 1331 genes loaded
2026-07-31 16:03:39,166 - INFO - Hereditary (germline) - 158 genes -> 158 genes loaded
2026-07-31 16:03:39,166 - INFO - Cardiac - 565 genes -> 565 genes loaded
2026-07-31 16:03:39,167 - INFO - Diabetes_pharmgkb_mito genes - 318 genes -> 318 genes loaded
2026-07-31 16:03:39,167 - INFO - NDD - 890 genes -> 889 genes loaded
2026-07-31 16:03:39,167 - INFO - Endometriosis - 53 genes -> 56 genes loaded
2026-07-31 16:03:39,168 - INFO - Neurodevelopmental - 1733 genes -> 1733 genes loaded
✔ ClinGen loaded: 9745 rows
✔ Disease gene sets loaded: 7
Processing files:   0%|          | 0/1 [00:00<?, ?it/s]2026-07-31 16:08:15,213 - INFO - Reverse mapping built for 3737 genes
2026-07-31 16:08:15,213 - INFO - Source sheets found: ['CS_Pathogenic', 'uncertain_significance', 'Others']
2026-07-31 16:08:15,213 - INFO - Processing disease: Unique (Somatic) - 1332 genes
2026-07-31 16:08:15,216 - INFO - CS_Pathogenic -> 1 rows matched
2026-07-31 16:08:15,226 - INFO - uncertain_significance -> 46 rows matched
2026-07-31 16:08:21,168 - INFO - Others -> 9086 rows matched
2026-07-31 16:08:23,526 - INFO - Written sheet: Unique_(Somatic)_1332_genes
2026-07-31 16:08:26,049 - INFO - Processing disease: Hereditary (germline) - 158 genes
2026-07-31 16:08:26,081 - INFO - uncertain_significance -> 19 rows matched
2026-07-31 16:08:31,916 - INFO - Others -> 402 rows matched
2026-07-31 16:08:32,027 - INFO - Written sheet: Hereditary_(germline)_158_genes
2026-07-31 16:08:32,131 - INFO - Processing disease: Cardiac - 565 genes
2026-07-31 16:08:32,163 - INFO - uncertain_significance -> 31 rows matched
2026-07-31 16:08:39,151 - INFO - Others -> 1383 rows matched
2026-07-31 16:08:39,696 - INFO - Written sheet: Cardiac_565_genes
2026-07-31 16:08:40,328 - INFO - Processing disease: Diabetes_pharmgkb_mito genes - 318 genes
2026-07-31 16:08:40,371 - INFO - uncertain_significance -> 13 rows matched
2026-07-31 16:08:46,531 - INFO - Others -> 1865 rows matched
2026-07-31 16:08:46,924 - INFO - Written sheet: Diabetes_pharmgkb_mito_genes_31
2026-07-31 16:08:47,357 - INFO - Processing disease: NDD - 890 genes
2026-07-31 16:08:47,378 - INFO - CS_Pathogenic -> 2 rows matched
2026-07-31 16:08:47,387 - INFO - uncertain_significance -> 50 rows matched
2026-07-31 16:08:53,379 - INFO - Others -> 2479 rows matched
2026-07-31 16:08:53,972 - INFO - Written sheet: NDD_890_genes
2026-07-31 16:08:54,610 - INFO - Processing disease: Endometriosis - 53 genes
2026-07-31 16:08:54,639 - INFO - uncertain_significance -> 3 rows matched
2026-07-31 16:09:00,113 - INFO - Others -> 457 rows matched
2026-07-31 16:09:00,227 - INFO - Written sheet: Endometriosis_53_genes
2026-07-31 16:09:00,341 - INFO - Processing disease: Neurodevelopmental - 1733 genes
2026-07-31 16:09:00,362 - INFO - CS_Pathogenic -> 2 rows matched
2026-07-31 16:09:00,371 - INFO - uncertain_significance -> 59 rows matched
2026-07-31 16:09:05,936 - INFO - Others -> 10462 rows matched
2026-07-31 16:09:08,523 - INFO - Written sheet: Neurodevelopmental_1733_genes
2026-07-31 16:09:11,342 - INFO - Disease sheet generation completed.
Processing files: 100%|██████████| 1/1 [08:18<00:00, 498.14s/it]Processing files: 100%|██████████| 1/1 [08:18<00:00, 498.14s/it]
✔ ALL FILES PROCESSED

==============================
  GERMLINE PIPELINE RUN       
==============================

==============================
 ✅ GERMLINE COMPLETED        
==============================


📁 Target directory locked: /home/ngs/Desktop/BioLedger/backend/Report Automation/Database_integrations_With_Filter V1/Output/somatic

📂 Processing: /home/ngs/Desktop/BioLedger/backend/Report Automation/Database_integrations_With_Filter V1/Output/somatic/4A1598
🗑 Deleting: 4A1598_somatic_4A1598_Somatic_Results_Integrated.xlsx
✅ Moving: 4A1598_somatic_4A1598_Somatic_Results_Integrated_Somamut.xlsx → /home/ngs/Desktop/BioLedger/backend/Report Automation/Database_integrations_With_Filter V1/Output/somatic/4A1598_somatic_4A1598_Somatic_Results_Integrated_Somamut.xlsx
🧹 Removing empty folder: /home/ngs/Desktop/BioLedger/backend/Report Automation/Database_integrations_With_Filter V1/Output/somatic/4A1598

🎉 Extraction + Cleanup completed!

===================================
     FULL PIPELINE STARTED          
===================================

🕒 Start Time: 2026-07-31 15:58:50

🔧 Running Germline → Somatic RSID filtering...

📂 Checking cleaned somatic folder: /home/ngs/Desktop/BioLedger/backend/Report Automation/Database_integrations_With_Filter V1/Input/somatic_clean
▶ Running Somatic Pipeline


▶ Running Germline Pipeline


▶ Cleaning Excel Files from the somatic folders


===================================
 🎉 FULL PIPELINE COMPLETED         
===================================

🕒 End Time: 2026-07-31 16:12:09
⏱ Total Time: 0:13:19.058063

2026-07-31 16:12:09 | END:   STEP 1: DATABASE INTEGRATION (run_all_pipeline.py)  (took 799s)
2026-07-31 16:12:09 | Germline files: 1 | Somatic files: 1
2026-07-31 16:12:09 | START: STEP 2: COPY GERMLINE & SOMATIC
2026-07-31 16:12:09 | END:   STEP 2: COPY GERMLINE & SOMATIC  (took 0s)
2026-07-31 16:12:09 | START: STEP 3: PRS PROCESSING (run_prs.py)

Processing: 4A1598_prs_4A1598_Merged.xlsx
Rows after OR filter: 134
Saved: 4A1598_prs_4A1598_trait_processed.xlsx
Unmatched rows: 109
2026-07-31 16:12:10 | END:   STEP 3: PRS PROCESSING (run_prs.py)  (took 1s)
2026-07-31 16:12:10 | START: STEP 4: COPY SNP OUTPUT
2026-07-31 16:12:10 | END:   STEP 4: COPY SNP OUTPUT  (took 0s)
2026-07-31 16:12:10 | START: STEP 5: REPORT GENERATION (final_report.py)

=======================================================
  TZAR Labs — Unified Variant Report Generator
=======================================================

  Input    : input/somatic  +  input/germline
  Template : new_report_template.docx
  Output   : output

Detected 1 sample(s): 4A1598

───────────────────────────────────────────────────────
  Sample: 4A1598
  Somatic  : 4A1598_somatic_4A1598_Somatic_Results_Integrated_Somamut.xlsx
  Germline : 4A1598_germline_4A1598_Germline_Results_FINAL.xlsx
  Trait    : 4A1598_prs_4A1598_trait_processed.xlsx

  Loading somatic variants...
    [IntOGen] 2 variants
    [TCGA] 3 variants
    [Cancer_Hotspot] 2 variants
    [Civic_accepted_and_submitted] 0 variants
    [Civic_Amplification] 0 variants
    [Civic_SNP] 0 variants
  Total somatic variants: 7
  ✓ Somatic table filled — 7 rows

  Loading germline variants...
    [CS_Pathogenic] 10 variants
    [Hereditary_(germline)_158_genes] 0 CS_Pathogenic rows
    [Cardiac_565_genes] 0 CS_Pathogenic rows
    [Diabetes_pharmgkb_mito_genes_31] 0 CS_Pathogenic rows
    [NDD_890_genes] 2 CS_Pathogenic rows
    [Endometriosis_53_genes] 0 CS_Pathogenic rows
    [Neurodevelopmental_1733_genes] 2 CS_Pathogenic rows
    [dedup] Removed 5 duplicate rsID row(s)
  Total germline variants (after dedup): 9
  ✓ Germline table filled — 9 variants (18 rows)

  Loading SNP variants...
    [Cardiac] top rsID=rs9344, PRS=1.1790, Trait='Heart Amyloid Deposition Measurement'
    [Diabetes] top rsID=rs1058018, PRS=1.0900, Trait='Type 2 Diabetes Mellitus'
    [NDD] top rsID=rs2075650, PRS=1.5906, Trait='Alzheimer Disease'
    [skip] ND — empty
    [Asthma] top rsID=rs11078927, PRS=1.2329, Trait='Asthma'
    [not found] rs2075650 not in Variations sheet — inserting empty row
  Total SNP variants: 4
  ✓ SNP table filled — 4 variants (8 rows)

  ✓ Saved → output/4A1598_Report.docx

=======================================================
  Done. Reports saved to: output/
=======================================================

2026-07-31 16:23:31 | END:   STEP 5: REPORT GENERATION (final_report.py)  (took 681s)
2026-07-31 16:23:31 | PIPELINE COMPLETE - Total time: 1481s
