2026-09-29 17:23:21 | PIPELINE START
2026-09-29 17:23:21 | START: STEP 1: DATABASE INTEGRATION (run_all_pipeline.py)

🧬 Germline → Somatic filtering (Location-based)

📂 Germline files: ['5A0172_germline_5A0172_Germline_Results.xlsx']
📂 Somatic files: ['5A0172_somatic_5A0172_Somatic_Results.xlsx']

🔍 Sample: 5A0172
📊 Before: 246 | After: 210 | Removed: 36

✅ Pre-filter completed


🧬 Germline → Somatic filtering (Location-based)

📂 Germline files: ['5A0172_germline_5A0172_Germline_Results.xlsx']
📂 Somatic files: ['5A0172_somatic_5A0172_Somatic_Results.xlsx']

🔍 Sample: 5A0172
📊 Before: 246 | After: 210 | Removed: 36

✅ Pre-filter completed

Reading liftover chains
Mapping coordinates
/home/ngs/Desktop/SKY/Website/backend/Report Automation/Database_integrations_With_Filter V1/SOMATIC/Modules/cancer_hotspot.py:24: DtypeWarning: Columns (4,16,41,42,84,85,87,88,98,148) have mixed types. Specify dtype option on import or set low_memory=False.
  hotspot_df = pd.read_csv(hotspot_path)

==============================
   SOMATIC MASTER STARTED     
==============================

▶ Processing sample: 5A0172_somatic_5A0172_Somatic_Results.xlsx
   ▶ Running ClinGen
   ▶ Running IntOGen
   ▶ Running OncoKB
   ▶ Running TCGA
   ▶ Running Cancer_Hotspot
   ▶ Running CIVIC
✅ Output written: /home/ngs/Desktop/SKY/Website/backend/Report Automation/Database_integrations_With_Filter V1/Output/somatic/5A0172/5A0172_somatic_5A0172_Somatic_Results_Integrated.xlsx

==============================
   🎉 ALL SAMPLES COMPLETED   
==============================


==============================
   SOMAMUT FILTER STARTED     
==============================

✔ Somatic genes loaded: 1331
✔ Disease gene sets loaded: 5

✔ Sample file detected: /home/ngs/Desktop/SKY/Website/backend/Report Automation/Database_integrations_With_Filter V1/Output/somatic/5A0172/5A0172_somatic_5A0172_Somatic_Results_Integrated.xlsx
✔ Sheets found: ['Variations', 'ClinGen', 'IntOGen', 'OncoKB', 'TCGA', 'Cancer_Hotspot', 'Civic_accepted_and_submitted', 'Civic_Amplification', 'Civic_SNP', 'Run_Summary']
✔ Reference CSV files found: 38
⏳ Indexing reference variants...
Processing reference CSVs:   0%|          | 0/38 [00:00<?, ?it/s]Processing reference CSVs:   8%|▊         | 3/38 [00:00<00:02, 11.85it/s]Processing reference CSVs:  21%|██        | 8/38 [00:00<00:01, 23.86it/s]Processing reference CSVs:  29%|██▉       | 11/38 [00:00<00:01, 23.90it/s]Processing reference CSVs:  37%|███▋      | 14/38 [00:00<00:01, 14.84it/s]Processing reference CSVs:  42%|████▏     | 16/38 [00:01<00:02, 10.20it/s]Processing reference CSVs:  53%|█████▎    | 20/38 [00:01<00:01, 14.29it/s]Processing reference CSVs:  61%|██████    | 23/38 [00:02<00:02,  5.32it/s]Processing reference CSVs:  66%|██████▌   | 25/38 [00:02<00:02,  6.20it/s]Processing reference CSVs:  71%|███████   | 27/38 [00:02<00:01,  7.26it/s]Processing reference CSVs:  82%|████████▏ | 31/38 [00:03<00:01,  6.71it/s]Processing reference CSVs:  95%|█████████▍| 36/38 [00:03<00:00, 10.59it/s]Processing reference CSVs: 100%|██████████| 38/38 [00:04<00:00,  7.66it/s]
✔ Total reference variants indexed: 3989158

🔍 Processing sheet: Variations
✔ Variations | Before: 210 | After: 205

🔍 Processing sheet: ClinGen

🔍 Processing sheet: IntOGen
✔ IntOGen | Before: 2 | After: 1

🔍 Processing sheet: OncoKB

🔍 Processing sheet: TCGA
✔ TCGA | Before: 2 | After: 2

🔍 Processing sheet: Cancer_Hotspot
✔ Cancer_Hotspot | Before: 10 | After: 10

🔍 Processing sheet: Civic_accepted_and_submitted
✔ Civic_accepted_and_submitted | Before: 0 | After: 0

🔍 Processing sheet: Civic_Amplification
✔ Civic_Amplification | Before: 0 | After: 0

🔍 Processing sheet: Civic_SNP
✔ Civic_SNP | Before: 0 | After: 0

🔍 Processing sheet: Run_Summary

📝 Updating Run_Summary
📊 Total Before   : 14
📊 Total After    : 13
📊 Total Excluded : 1

🎉 DONE: /home/ngs/Desktop/SKY/Website/backend/Report Automation/Database_integrations_With_Filter V1/Output/somatic/5A0172/5A0172_somatic_5A0172_Somatic_Results_Integrated_Somamut.xlsx
🎨 Applying somatic highlighting (ALL sheets)...
🎨 Applying disease highlighting ONLY on Variations...
Applying the filters

🔽 STARTING POST-FILTER FUNNEL
   🔻 Filter 1: CADD_PHRED > 20
   🔻 Filter 2: Tumor_AF<=0.38
   🔻 Filter 3 : AF Filter <= 0.001 (with missing values kept)
⚠️ AF column missing in sheet: ClinGen
⚠️ AF column missing in sheet: OncoKB
⚠️ AF column missing in sheet: Cancer_Hotspot
✅ ALL FILTERS APPLIED

🔄 Restoring original Variations sheet for sample 5A0172...
✔ Restored original (pre-filter) Variations sheet from: /home/ngs/Desktop/SKY/Website/backend/Report Automation/Database_integrations_With_Filter V1/Input/somatic/5A0172_somatic_5A0172_Somatic_Results.xlsx

==============================
   SOMAMUT COMPLETED          
==============================


==============================
  FULL SOMATIC PIPELINE RUN   
==============================

▶ Step 0: Germline → Somatic Pre-filter


🔍 Checking somatic_clean folder...

📁 Files found: ['5A0172_somatic_5A0172_Somatic_Results.xlsx']

▶ Step 1: All Database Integration


▶ Step 2: Somamut Filtering


==============================
 🎉 SOMATIC PIPELINE COMPLETED 
==============================

2026-09-29 17:25:41,753 - INFO - Loading disease gene sets...
2026-09-29 17:25:41,809 - INFO - Detected disease columns: ['Unique (Somatic) - 1332 genes', 'Hereditary (germline) - 158 genes', 'Cardiac - 565 genes', 'Diabetes_pharmgkb_mito genes - 318 genes', 'NDD - 890 genes', 'Endometriosis - 53 genes', 'Neurodevelopmental - 1733 genes']
2026-09-29 17:25:41,809 - INFO - Unique (Somatic) - 1332 genes -> 1331 genes loaded
2026-09-29 17:25:41,809 - INFO - Hereditary (germline) - 158 genes -> 158 genes loaded
2026-09-29 17:25:41,810 - INFO - Cardiac - 565 genes -> 565 genes loaded
2026-09-29 17:25:41,810 - INFO - Diabetes_pharmgkb_mito genes - 318 genes -> 318 genes loaded
2026-09-29 17:25:41,810 - INFO - NDD - 890 genes -> 889 genes loaded
2026-09-29 17:25:41,810 - INFO - Endometriosis - 53 genes -> 56 genes loaded
2026-09-29 17:25:41,811 - INFO - Neurodevelopmental - 1733 genes -> 1733 genes loaded
✔ ClinGen loaded: 9745 rows
✔ Disease gene sets loaded: 7
Processing files:   0%|          | 0/1 [00:00<?, ?it/s]2026-09-29 17:27:24,589 - INFO - Reverse mapping built for 3737 genes
2026-09-29 17:27:24,589 - INFO - Source sheets found: ['CS_Pathogenic', 'uncertain_significance', 'Others']
2026-09-29 17:27:24,589 - INFO - Processing disease: Unique (Somatic) - 1332 genes
2026-09-29 17:27:24,592 - INFO - CS_Pathogenic -> 2 rows matched
2026-09-29 17:27:24,602 - INFO - uncertain_significance -> 42 rows matched
2026-09-29 17:27:27,521 - INFO - Others -> 3991 rows matched
2026-09-29 17:27:30,883 - INFO - Written sheet: Unique_(Somatic)_1332_genes
2026-09-29 17:27:32,133 - INFO - Processing disease: Hereditary (germline) - 158 genes
2026-09-29 17:27:32,157 - INFO - uncertain_significance -> 13 rows matched
2026-09-29 17:27:35,050 - INFO - Others -> 215 rows matched
2026-09-29 17:27:35,119 - INFO - Written sheet: Hereditary_(germline)_158_genes
2026-09-29 17:27:35,185 - INFO - Processing disease: Cardiac - 565 genes
2026-09-29 17:27:35,210 - INFO - uncertain_significance -> 26 rows matched
2026-09-29 17:27:38,156 - INFO - Others -> 639 rows matched
2026-09-29 17:27:38,341 - INFO - Written sheet: Cardiac_565_genes
2026-09-29 17:27:38,554 - INFO - Processing disease: Diabetes_pharmgkb_mito genes - 318 genes
2026-09-29 17:27:38,577 - INFO - uncertain_significance -> 12 rows matched
2026-09-29 17:27:41,463 - INFO - Others -> 871 rows matched
2026-09-29 17:27:41,720 - INFO - Written sheet: Diabetes_pharmgkb_mito_genes_31
2026-09-29 17:27:42,008 - INFO - Processing disease: NDD - 890 genes
2026-09-29 17:27:42,025 - INFO - CS_Pathogenic -> 1 rows matched
2026-09-29 17:27:42,043 - INFO - uncertain_significance -> 43 rows matched
2026-09-29 17:27:44,844 - INFO - Others -> 1012 rows matched
2026-09-29 17:27:45,139 - INFO - Written sheet: NDD_890_genes
2026-09-29 17:27:45,453 - INFO - Processing disease: Endometriosis - 53 genes
2026-09-29 17:27:45,477 - INFO - uncertain_significance -> 5 rows matched
2026-09-29 17:27:48,526 - INFO - Others -> 261 rows matched
2026-09-29 17:27:48,607 - INFO - Written sheet: Endometriosis_53_genes
2026-09-29 17:27:48,685 - INFO - Processing disease: Neurodevelopmental - 1733 genes
2026-09-29 17:27:48,699 - INFO - CS_Pathogenic -> 1 rows matched
2026-09-29 17:27:48,712 - INFO - uncertain_significance -> 48 rows matched
2026-09-29 17:27:51,452 - INFO - Others -> 4209 rows matched
2026-09-29 17:27:52,643 - INFO - Written sheet: Neurodevelopmental_1733_genes
2026-09-29 17:27:53,950 - INFO - Disease sheet generation completed.
Processing files: 100%|██████████| 1/1 [03:23<00:00, 203.54s/it]Processing files: 100%|██████████| 1/1 [03:23<00:00, 203.54s/it]
✔ ALL FILES PROCESSED

==============================
  GERMLINE PIPELINE RUN       
==============================

==============================
 ✅ GERMLINE COMPLETED        
==============================


📁 Target directory locked: /home/ngs/Desktop/SKY/Website/backend/Report Automation/Database_integrations_With_Filter V1/Output/somatic

📂 Processing: /home/ngs/Desktop/SKY/Website/backend/Report Automation/Database_integrations_With_Filter V1/Output/somatic/5A0172
🗑 Deleting: 5A0172_somatic_5A0172_Somatic_Results_Integrated.xlsx
✅ Moving: 5A0172_somatic_5A0172_Somatic_Results_Integrated_Somamut.xlsx → /home/ngs/Desktop/SKY/Website/backend/Report Automation/Database_integrations_With_Filter V1/Output/somatic/5A0172_somatic_5A0172_Somatic_Results_Integrated_Somamut.xlsx
🧹 Removing empty folder: /home/ngs/Desktop/SKY/Website/backend/Report Automation/Database_integrations_With_Filter V1/Output/somatic/5A0172

🎉 Extraction + Cleanup completed!

===================================
     FULL PIPELINE STARTED          
===================================

🕒 Start Time: 2026-09-29 17:23:21

🔧 Running Germline → Somatic RSID filtering...

📂 Checking cleaned somatic folder: /home/ngs/Desktop/SKY/Website/backend/Report Automation/Database_integrations_With_Filter V1/Input/somatic_clean
▶ Running Somatic Pipeline


▶ Running Germline Pipeline


▶ Cleaning Excel Files from the somatic folders


===================================
 🎉 FULL PIPELINE COMPLETED         
===================================

🕒 End Time: 2026-09-29 17:29:10
⏱ Total Time: 0:05:49.099286

2026-09-29 17:29:10 | END:   STEP 1: DATABASE INTEGRATION (run_all_pipeline.py)  (took 349s)
2026-09-29 17:29:10 | Germline files: 1 | Somatic files: 1
2026-09-29 17:29:10 | START: STEP 2: COPY GERMLINE & SOMATIC
2026-09-29 17:29:10 | END:   STEP 2: COPY GERMLINE & SOMATIC  (took 0s)
2026-09-29 17:29:10 | START: STEP 3: PRS PROCESSING (run_prs.py)
2026-09-29 17:29:10 | No PRS input files found. Skipping PRS processing.
2026-09-29 17:29:10 | END:   STEP 3: PRS PROCESSING (run_prs.py)  (took 0s)
2026-09-29 17:29:10 | START: STEP 4: COPY SNP OUTPUT
2026-09-29 17:29:10 | PRS was skipped. No SNP files copied.
2026-09-29 17:29:10 | END:   STEP 4: COPY SNP OUTPUT  (took 0s)
2026-09-29 17:29:10 | START: STEP 5: REPORT GENERATION (final_report.py)

=======================================================
  TZAR Labs — Unified Variant Report Generator
=======================================================

  Input    : input/somatic  +  input/germline
  Template : new_report_template.docx
  Output   : output

Detected 1 sample(s): 5A0172

───────────────────────────────────────────────────────
  Sample: 5A0172
  Somatic  : 5A0172_somatic_5A0172_Somatic_Results_Integrated_Somamut.xlsx
  Germline : 5A0172_germline_5A0172_Germline_Results_FINAL.xlsx
  Trait    : not found

  Loading somatic variants...
    [IntOGen] 0 variants
    [TCGA] 0 variants
    [Cancer_Hotspot] 5 variants
    [Civic_accepted_and_submitted] 0 variants
    [Civic_Amplification] 0 variants
    [Civic_SNP] 0 variants
  Total somatic variants: 5
  ✓ Somatic table filled — 5 rows

  Loading germline variants...
    [CS_Pathogenic] 9 variants
    [Hereditary_(germline)_158_genes] 0 CS_Pathogenic rows
    [Cardiac_565_genes] 0 CS_Pathogenic rows
    [Diabetes_pharmgkb_mito_genes_31] 0 CS_Pathogenic rows
    [NDD_890_genes] 1 CS_Pathogenic rows
    [Endometriosis_53_genes] 0 CS_Pathogenic rows
    [Neurodevelopmental_1733_genes] 1 CS_Pathogenic rows
  Total germline variants (after dedup): 11
  ✓ Germline table filled — 11 variants (22 rows)
  [skip] No trait file for this sample

  ✓ Saved → output/5A0172_Report.docx

=======================================================
  Done. Reports saved to: output/
=======================================================

2026-09-29 17:31:35 | END:   STEP 5: REPORT GENERATION (final_report.py)  (took 145s)
2026-09-29 17:31:35 | PIPELINE COMPLETE - Total time: 494s
